new-feature-tests: FAIL
regression-baseline: PASS
test-exit-code: 1
--- raw failing test output ---
Traceback (most recent call last):
  File "<frozen runpy>", line 203, in _run_module_as_main
  File "<frozen runpy>", line 88, in _run_code
  File "/opt/homebrew/Cellar/python@3.14/3.14.6/Frameworks/Python.framework/Versions/3.14/lib/python3.14/unittest/__main__.py", line 18, in <module>
    main(module=None)
    ~~~~^^^^^^^^^^^^^
  File "/opt/homebrew/Cellar/python@3.14/3.14.6/Frameworks/Python.framework/Versions/3.14/lib/python3.14/unittest/main.py", line 103, in __init__
    self.parseArgs(argv)
    ~~~~~~~~~~~~~~^^^^^^
  File "/opt/homebrew/Cellar/python@3.14/3.14.6/Frameworks/Python.framework/Versions/3.14/lib/python3.14/unittest/main.py", line 142, in parseArgs
    self.createTests()
    ~~~~~~~~~~~~~~~~^^
  File "/opt/homebrew/Cellar/python@3.14/3.14.6/Frameworks/Python.framework/Versions/3.14/lib/python3.14/unittest/main.py", line 153, in createTests
    self.test = self.testLoader.loadTestsFromNames(self.testNames,
                ~~~~~~~~~~~~~~~~~~~~~~~~~~~~~~~~~~^^^^^^^^^^^^^^^^
                                                   self.module)
                                                   ^^^^^^^^^^^^
  File "/opt/homebrew/Cellar/python@3.14/3.14.6/Frameworks/Python.framework/Versions/3.14/lib/python3.14/unittest/loader.py", line 207, in loadTestsFromNames
    suites = [self.loadTestsFromName(name, module) for name in names]
              ~~~~~~~~~~~~~~~~~~~~~~^^^^^^^^^^^^^^
  File "/opt/homebrew/Cellar/python@3.14/3.14.6/Frameworks/Python.framework/Versions/3.14/lib/python3.14/unittest/loader.py", line 137, in loadTestsFromName
    module = __import__(module_name)
  File "/Users/operator/anicca/.worktrees/capafy-skills-landing/skills/earn/capafy-marketing/tests/test_build_landing.py", line 11, in <module>
    SPEC.loader.exec_module(build_landing)
    ~~~~~~~~~~~~~~~~~~~~~~~^^^^^^^^^^^^^^^
  File "<frozen importlib._bootstrap_external>", line 755, in exec_module
  File "<frozen importlib._bootstrap_external>", line 892, in get_code
  File "<frozen importlib._bootstrap_external>", line 950, in get_data
FileNotFoundError: [Errno 2] No such file or directory: '/Users/operator/anicca/.worktrees/capafy-skills-landing/skills/earn/capafy-marketing/scripts/build_landing.py'
