target-feature-tests: PASS
regression-baseline: PASS
total-tests: 209
passing: 209
sprint_2_new: 67
sprint_1_carry: 142
skipped: 4 (shell scripts placeholder; sprint-2 cycle 2 will add)
duration_s: 0.09

# 6 lib modules implemented:
#   lib/quota_tracker.py    → PROP-P1, Q3, Q3d, Q3e, Q5, Q6
#   lib/menu.py             → PROP-P7, M3, cadence, blocker-gate, novelty-key, M2-load
#   lib/health_check_v2.py  → PROP-H3 multi-match + H6 no-human-touch
#   lib/bot2bot.py          → PROP-B3-annotate (no auto-merge!) + B4 escalation+human raises
#   lib/proactive_loop.py   → PROP-P11 3-condition skip + EDGE-S4-sink durable .unfixable.jsonl
#   lib/build_log.py        → PROP-M1 append-only + parse/format helpers
#
# 67 sprint-2 tests + 142 sprint-1 tests = 209 total, all passing on FIRST try
# 4 skipped tests are for shell scripts not yet written (proactive-loop.sh, credential-restore.sh,
#   auto-allowlist.sh, auto-rollback.sh) — sprint-2 cycle 2 commits these.
#
# No regression on sprint-1's 142 tests.
