               
               
┌─────────────┐
│ Scan Status │
└─────────────┘
  Scanning 5 files tracked by git with 272 Code rules:
                                                                                                                        
  Language      Rules   Files          Origin      Rules                                                                
 ─────────────────────────────        ───────────────────                                                               
  <multilang>      38       5          Community     272                                                                
  python           77       3                                                                                           
  js               23       1                                                                                           
                                                                                                                        
                
                
┌──────────────┐
│ Scan Summary │
└──────────────┘
✅ Scan completed successfully.
 • Findings: 0 (0 blocking)
 • Rules run: 138
 • Targets scanned: 5
 • Parsed lines: ~100.0%
 • No ignore information available
Ran 138 rules on 5 files: 0 findings.
(need more rules? `semgrep login` for additional free Semgrep Registry rules)

If Semgrep missed a finding, please send us feedback to let us know!
See https://semgrep.dev/docs/reporting-false-negatives/
