               
               
┌─────────────┐
│ Scan Status │
└─────────────┘
  Scanning 3 files tracked by git with 1074 Code rules:
                                                                                                                        
  Language      Rules   Files          Origin      Rules                                                                
 ─────────────────────────────        ───────────────────                                                               
  python          243       3          Community    1074                                                                
  <multilang>      47       3                                                                                           
                                                                                                                        
                
                
┌──────────────┐
│ Scan Summary │
└──────────────┘
✅ Scan completed successfully.
 • Findings: 0 (0 blocking)
 • Rules run: 290
 • Targets scanned: 3
 • Parsed lines: ~100.0%
 • No ignore information available
Ran 290 rules on 3 files: 0 findings.
(need more rules? `semgrep login` for additional free Semgrep Registry rules)

If Semgrep missed a finding, please send us feedback to let us know!
See https://semgrep.dev/docs/reporting-false-negatives/
